<section class='luxe-hero-scene'>
          <div class='luxe-hero-scene__lead'>
            
        <div class='luxe-hero' style='--hero-padding: 3.1rem 3.4rem; --hero-gradient: linear-gradient(135deg, rgba(59,130,246,0.28), rgba(14,165,233,0.08)); --hero-glow: rgba(96,165,250,0.45)'>
          <video class='luxe-hero__video' autoplay muted loop playsinline><source src='https://cdn.coverr.co/videos/coverr-into-the-blue-nebula-9071/1080p.mp4' type='video/mp4' /></video><div class='luxe-hero__veil'></div>
          <span class='luxe-hero__layer' style='top:8%;left:74%;--layer-size:4.8rem;--layer-speed:22s;'>🛰️</span><span class='luxe-hero__layer' style='top:62%;left:80%;--layer-size:5.2rem;--layer-speed:28s;'>🪐</span><span class='luxe-hero__layer' style='top:20%;left:12%;--layer-size:3.2rem;--layer-speed:18s;'>✨</span>
          <div class='luxe-hero__content'>
            <div class='luxe-hero__icon'>🛰️</div>
            <h1>Rex-AI orquesta el reciclaje orbital y marciano</h1>
            <p>Un loop autónomo que mezcla regolito MGS-1, polímeros EVA y residuos de carga para fabricar piezas listas para misión. El copiloto gestiona riesgos, energía y trazabilidad sin perder contexto.</p>
            <div class='luxe-chip-row' style='--chip-padding: 0.38rem 0.9rem; --chip-size: 0.82rem'><span class='luxe-chip' data-tone='accent'><span>RandomForest multisalida</span></span><span class='luxe-chip' data-tone='info'><span>Comparadores: XGBoost / Tabular</span></span><span class='luxe-chip' data-tone='accent'><span>Bandas de confianza 95%</span></span><span class='luxe-chip' data-tone='info'><span>Telemetría NASA · Crew safe</span></span></div>
          </div>
        </div>
        
            <p class='luxe-hero__tagline'>Sincronizá sensores, crew y modelo para reciclar basura orbital en hardware vital.</p>
          </div>
          <div class='briefing-grid'>
            <div class='briefing-video'><div class='briefing-fallback'>Simulación orbital</div></div>
            <div class='briefing-cards'>
              
            <div class='briefing-card' style="--card-accent: #38bdf8;">
                <h3>Crew Ops + IA</h3>
                <p>La cabina recibe datos del inventario NASA, restricciones de crew-time y energía en tiempo real.</p>
            </div>
            
            <div class='briefing-card' style="--card-accent: #a855f7;">
                <h3>Trazabilidad total</h3>
                <p>Cada decisión enlaza features, flags de riesgo y la receta final exportable a ingeniería.</p>
            </div>
            
            <div class='briefing-card' style="--card-accent: #f97316;">
                <h3>Seguridad primero</h3>
                <p>Bandas de confianza, monitoreo de toxicidad EVA y comparadores heurísticos siempre visibles.</p>
            </div>
            
              <div class='briefing-stepper'>
                
            <div class='briefing-step' style="animation-delay: 0ms;">
                <span>1</span>
                <div>
                    <strong>Calibrá el inventario</strong>
                    <small>Normalizá residuos, detectá flags EVA y estructuras multi-layer.</small>
                </div>
            </div>
            
            <div class='briefing-step' style="animation-delay: 120ms;">
                <span>2</span>
                <div>
                    <strong>Seleccioná objetivo</strong>
                    <small>Define límites de agua, energía y logística con presets marcianos.</small>
                </div>
            </div>
            
            <div class='briefing-step' style="animation-delay: 240ms;">
                <span>3</span>
                <div>
                    <strong>Generá y valida</strong>
                    <small>Rex-AI mezcla, explica contribuciones y exporta procesos listos para la tripulación.</small>
                </div>
            </div>
            
            <div class='briefing-step' style="animation-delay: 360ms;">
                <span>4</span>
                <div>
                    <strong>Reportá y exportá</strong>
                    <small>Trade-offs, confianza 95% y comparativa heurística listos para ingeniería.</small>
                </div>
            </div>
            
              </div>
            </div>
          </div>
        </section>
